$ eslint .

D:\project\aienie\aienie-projects\AISocialGame\frontend\src\components\game\SettlementPanel.tsx
  54:27  warning  Unexpected any. Specify a different type  @typescript-eslint/no-explicit-any
  54:77  warning  Unexpected any. Specify a different type  @typescript-eslint/no-explicit-any

D:\project\aienie\aienie-projects\AISocialGame\frontend\src\components\social\FriendPanel.tsx
  38:6   warning  React Hook useEffect has a missing dependency: 'refresh'. Either include it or remove the dependency array                     react-hooks/exhaustive-deps
  40:94  warning  React Hook useMemo has unnecessary dependencies: 'friends' and 'requests'. Either exclude them or remove the dependency array  react-hooks/exhaustive-deps

D:\project\aienie\aienie-projects\AISocialGame\frontend\src\components\social\QuickMatchDialog.tsx
  46:21  warning  Unexpected any. Specify a different type  @typescript-eslint/no-explicit-any

D:\project\aienie\aienie-projects\AISocialGame\frontend\src\components\ui\badge.tsx
  36:17  warning  Fast refresh only works when a file only exports components. Use a new file to share constants or functions between components  react-refresh/only-export-components

D:\project\aienie\aienie-projects\AISocialGame\frontend\src\components\ui\button.tsx
  56:18  warning  Fast refresh only works when a file only exports components. Use a new file to share constants or functions between components  react-refresh/only-export-components

D:\project\aienie\aienie-projects\AISocialGame\frontend\src\components\ui\command.tsx
  24:11  warning  An interface declaring no members is equivalent to its supertype  @typescript-eslint/no-empty-object-type

D:\project\aienie\aienie-projects\AISocialGame\frontend\src\components\ui\form.tsx
  169:3  warning  Fast refresh only works when a file only exports components. Use a new file to share constants or functions between components  react-refresh/only-export-components

D:\project\aienie\aienie-projects\AISocialGame\frontend\src\components\ui\navigation-menu.tsx
  119:3  warning  Fast refresh only works when a file only exports components. Use a new file to share constants or functions between components  react-refresh/only-export-components

D:\project\aienie\aienie-projects\AISocialGame\frontend\src\components\ui\sidebar.tsx
  768:3  warning  Fast refresh only works when a file only exports components. Use a new file to share constants or functions between components  react-refresh/only-export-components

D:\project\aienie\aienie-projects\AISocialGame\frontend\src\components\ui\textarea.tsx
  5:18  warning  An interface declaring no members is equivalent to its supertype  @typescript-eslint/no-empty-object-type

D:\project\aienie\aienie-projects\AISocialGame\frontend\src\components\ui\toggle.tsx
  43:18  warning  Fast refresh only works when a file only exports components. Use a new file to share constants or functions between components  react-refresh/only-export-components

D:\project\aienie\aienie-projects\AISocialGame\frontend\src\components\wallet\WalletPanel.tsx
   75:21  warning  Unexpected any. Specify a different type                                                                        @typescript-eslint/no-explicit-any
   84:6   warning  React Hook useEffect has a missing dependency: 'loadInitial'. Either include it or remove the dependency array  react-hooks/exhaustive-deps
   97:21  warning  Unexpected any. Specify a different type                                                                        @typescript-eslint/no-explicit-any
  116:21  warning  Unexpected any. Specify a different type                                                                        @typescript-eslint/no-explicit-any
  134:21  warning  Unexpected any. Specify a different type                                                                        @typescript-eslint/no-explicit-any

D:\project\aienie\aienie-projects\AISocialGame\frontend\src\hooks\useAdminAuth.tsx
  65:14  warning  Fast refresh only works when a file only exports components. Use a new file to share constants or functions between components  react-refresh/only-export-components

D:\project\aienie\aienie-projects\AISocialGame\frontend\src\hooks\useAuth.tsx
  150:14  warning  Fast refresh only works when a file only exports components. Use a new file to share constants or functions between components  react-refresh/only-export-components

D:\project\aienie\aienie-projects\AISocialGame\frontend\src\hooks\useGameSocket.ts
  129:83  warning  Unexpected any. Specify a different type                                                                                                                                                                                                                                                @typescript-eslint/no-explicit-any
  183:6   warning  React Hook useEffect has missing dependencies: 'onChat', 'onPrivate', 'onSeatChange', and 'onStateChange'. Either include them or remove the dependency array. If 'onStateChange' changes too often, find the parent component that defines it and wrap that definition in useCallback  react-hooks/exhaustive-deps

D:\project\aienie\aienie-projects\AISocialGame\frontend\src\pages\AiChat.tsx
  47:21  warning  Unexpected any. Specify a different type  @typescript-eslint/no-explicit-any

D:\project\aienie\aienie-projects\AISocialGame\frontend\src\pages\CreateRoom.tsx
  38:83  warning  Unexpected any. Specify a different type  @typescript-eslint/no-explicit-any
  42:59  warning  Unexpected any. Specify a different type  @typescript-eslint/no-explicit-any
  51:38  warning  Unexpected any. Specify a different type  @typescript-eslint/no-explicit-any
  63:49  warning  Unexpected any. Specify a different type  @typescript-eslint/no-explicit-any

D:\project\aienie\aienie-projects\AISocialGame\frontend\src\pages\Index.tsx
  18:31  warning  Unexpected any. Specify a different type  @typescript-eslint/no-explicit-any
  41:21  warning  Unexpected any. Specify a different type  @typescript-eslint/no-explicit-any

D:\project\aienie\aienie-projects\AISocialGame\frontend\src\pages\Lobby.tsx
  30:9  warning  The 'personas' logical expression could make the dependencies of useEffect Hook (at line 34) change on every render. To fix this, wrap the initialization of 'personas' in its own useMemo() Hook  react-hooks/exhaustive-deps
  82:6  warning  React Hook useEffect has a missing dependency: 'joinMutation'. Either include it or remove the dependency array                                                                                    react-hooks/exhaustive-deps

D:\project\aienie\aienie-projects\AISocialGame\frontend\src\pages\ReplayAccess.test.tsx
   8:48   warning  Unexpected any. Specify a different type  @typescript-eslint/no-explicit-any
   8:89   warning  Unexpected any. Specify a different type  @typescript-eslint/no-explicit-any
   9:63   warning  Unexpected any. Specify a different type  @typescript-eslint/no-explicit-any
  13:159  warning  Unexpected any. Specify a different type  @typescript-eslint/no-explicit-any
  16:18   warning  Unexpected any. Specify a different type  @typescript-eslint/no-explicit-any
  23:74   warning  Unexpected any. Specify a different type  @typescript-eslint/no-explicit-any

D:\project\aienie\aienie-projects\AISocialGame\frontend\src\pages\ReplayPlayer.tsx
   74:6   warning  React Hook useEffect has a missing dependency: 'archive'. Either include it or remove the dependency array  react-hooks/exhaustive-deps
   86:23  warning  Unexpected any. Specify a different type                                                                    @typescript-eslint/no-explicit-any
  182:28  warning  Unexpected any. Specify a different type                                                                    @typescript-eslint/no-explicit-any
  182:58  warning  Unexpected any. Specify a different type                                                                    @typescript-eslint/no-explicit-any
  183:28  warning  Unexpected any. Specify a different type                                                                    @typescript-eslint/no-explicit-any
  183:59  warning  Unexpected any. Specify a different type                                                                    @typescript-eslint/no-explicit-any

D:\project\aienie\aienie-projects\AISocialGame\frontend\src\pages\RoomList.tsx
  25:83  warning  Unexpected any. Specify a different type  @typescript-eslint/no-explicit-any
  40:58  warning  Unexpected any. Specify a different type  @typescript-eslint/no-explicit-any
  74:21  warning  Unexpected any. Specify a different type  @typescript-eslint/no-explicit-any

D:\project\aienie\aienie-projects\AISocialGame\frontend\src\pages\SpectatorRoom.tsx
  49:9  warning  The 'players' logical expression could make the dependencies of useMemo Hook (at line 50) change on every render. To fix this, wrap the initialization of 'players' in its own useMemo() Hook  react-hooks/exhaustive-deps

D:\project\aienie\aienie-projects\AISocialGame\frontend\src\pages\SsoCallback.tsx
  60:22  warning  Unexpected any. Specify a different type  @typescript-eslint/no-explicit-any

D:\project\aienie\aienie-projects\AISocialGame\frontend\src\pages\admin\AiAdmin.tsx
   20:45  warning  Unexpected any. Specify a different type                                                                                            @typescript-eslint/no-explicit-any
   26:40  warning  Unexpected any. Specify a different type                                                                                            @typescript-eslint/no-explicit-any
   29:40  warning  Unexpected any. Specify a different type                                                                                            @typescript-eslint/no-explicit-any
   51:21  warning  Unexpected any. Specify a different type                                                                                            @typescript-eslint/no-explicit-any
   70:21  warning  Unexpected any. Specify a different type                                                                                            @typescript-eslint/no-explicit-any
   81:21  warning  Unexpected any. Specify a different type                                                                                            @typescript-eslint/no-explicit-any
   92:6   warning  React Hook useEffect has missing dependencies: 'loadMemories' and 'loadTraces'. Either include them or remove the dependency array  react-hooks/exhaustive-deps
  106:21  warning  Unexpected any. Specify a different type                                                                                            @typescript-eslint/no-explicit-any
  118:21  warning  Unexpected any. Specify a different type                                                                                            @typescript-eslint/no-explicit-any

D:\project\aienie\aienie-projects\AISocialGame\frontend\src\pages\admin\BillingAdmin.tsx
   11:42  warning  Unexpected any. Specify a different type  @typescript-eslint/no-explicit-any
   12:40  warning  Unexpected any. Specify a different type  @typescript-eslint/no-explicit-any
   22:62  warning  Unexpected any. Specify a different type  @typescript-eslint/no-explicit-any
   23:60  warning  Unexpected any. Specify a different type  @typescript-eslint/no-explicit-any
   38:21  warning  Unexpected any. Specify a different type  @typescript-eslint/no-explicit-any
   69:21  warning  Unexpected any. Specify a different type  @typescript-eslint/no-explicit-any
   90:21  warning  Unexpected any. Specify a different type  @typescript-eslint/no-explicit-any
  103:21  warning  Unexpected any. Specify a different type  @typescript-eslint/no-explicit-any
  113:21  warning  Unexpected any. Specify a different type  @typescript-eslint/no-explicit-any
  139:21  warning  Unexpected any. Specify a different type  @typescript-eslint/no-explicit-any
  294:49  warning  Unexpected any. Specify a different type  @typescript-eslint/no-explicit-any

D:\project\aienie\aienie-projects\AISocialGame\frontend\src\pages\admin\IntegrationAdmin.tsx
   8:36  warning  Unexpected any. Specify a different type  @typescript-eslint/no-explicit-any
  14:21  warning  Unexpected any. Specify a different type  @typescript-eslint/no-explicit-any
  34:46  warning  Unexpected any. Specify a different type  @typescript-eslint/no-explicit-any

D:\project\aienie\aienie-projects\AISocialGame\frontend\src\pages\admin\SafetyAdmin.tsx
   38:6   warning  React Hook useMemo has a missing dependency: 'tr'. Either include it or remove the dependency array         react-hooks/exhaustive-deps
   63:21  warning  Unexpected any. Specify a different type                                                                    @typescript-eslint/no-explicit-any
   72:6   warning  React Hook useEffect has a missing dependency: 'loadAll'. Either include it or remove the dependency array  react-hooks/exhaustive-deps
   80:21  warning  Unexpected any. Specify a different type                                                                    @typescript-eslint/no-explicit-any
   91:21  warning  Unexpected any. Specify a different type                                                                    @typescript-eslint/no-explicit-any
  108:21  warning  Unexpected any. Specify a different type                                                                    @typescript-eslint/no-explicit-any
  118:21  warning  Unexpected any. Specify a different type                                                                    @typescript-eslint/no-explicit-any

D:\project\aienie\aienie-projects\AISocialGame\frontend\src\pages\admin\UserAdmin.tsx
  12:44  warning  Unexpected any. Specify a different type  @typescript-eslint/no-explicit-any
  23:21  warning  Unexpected any. Specify a different type  @typescript-eslint/no-explicit-any
  35:21  warning  Unexpected any. Specify a different type  @typescript-eslint/no-explicit-any
  47:21  warning  Unexpected any. Specify a different type  @typescript-eslint/no-explicit-any

D:\project\aienie\aienie-projects\AISocialGame\frontend\src\pages\games\shared\PersonaPicker.tsx
  10:17  warning  Fast refresh only works when a file only exports components. Use a new file to share constants or functions between components  react-refresh/only-export-components

D:\project\aienie\aienie-projects\AISocialGame\frontend\src\pages\games\shared\useRoomRuntime.ts
   41:9  warning  The 'personas' logical expression could make the dependencies of useEffect Hook (at line 87) change on every render. To fix this, wrap the initialization of 'personas' in its own useMemo() Hook  react-hooks/exhaustive-deps
  163:9  warning  The 'players' logical expression could make the dependencies of useMemo Hook (at line 164) change on every render. To fix this, wrap the initialization of 'players' in its own useMemo() Hook     react-hooks/exhaustive-deps

D:\project\aienie\aienie-projects\AISocialGame\frontend\src\services\api.ts
  199:56  warning  Unexpected any. Specify a different type  @typescript-eslint/no-explicit-any

D:\project\aienie\aienie-projects\AISocialGame\frontend\src\services\v2Social.ts
  289:37  warning  Unexpected any. Specify a different type  @typescript-eslint/no-explicit-any

D:\project\aienie\aienie-projects\AISocialGame\frontend\src\types\index.ts
    5:17  warning  Unexpected any. Specify a different type  @typescript-eslint/no-explicit-any
    6:37  warning  Unexpected any. Specify a different type  @typescript-eslint/no-explicit-any
   83:27  warning  Unexpected any. Specify a different type  @typescript-eslint/no-explicit-any
  220:28  warning  Unexpected any. Specify a different type  @typescript-eslint/no-explicit-any
  221:35  warning  Unexpected any. Specify a different type  @typescript-eslint/no-explicit-any
  222:35  warning  Unexpected any. Specify a different type  @typescript-eslint/no-explicit-any
  268:29  warning  Unexpected any. Specify a different type  @typescript-eslint/no-explicit-any
  436:26  warning  Unexpected any. Specify a different type  @typescript-eslint/no-explicit-any
  464:26  warning  Unexpected any. Specify a different type  @typescript-eslint/no-explicit-any
  474:28  warning  Unexpected any. Specify a different type  @typescript-eslint/no-explicit-any
  479:28  warning  Unexpected any. Specify a different type  @typescript-eslint/no-explicit-any
  588:37  warning  Unexpected any. Specify a different type  @typescript-eslint/no-explicit-any
  604:24  warning  Unexpected any. Specify a different type  @typescript-eslint/no-explicit-any

D:\project\aienie\aienie-projects\AISocialGame\frontend\tailwind.config.ts
  95:13  warning  A `require()` style import is forbidden  @typescript-eslint/no-require-imports

D:\project\aienie\aienie-projects\AISocialGame\frontend\tests\acceptance-real.spec.ts
  144:42   warning  Unexpected any. Specify a different type  @typescript-eslint/no-explicit-any
  154:39   warning  Unexpected any. Specify a different type  @typescript-eslint/no-explicit-any
  154:100  warning  Unexpected any. Specify a different type  @typescript-eslint/no-explicit-any
  155:40   warning  Unexpected any. Specify a different type  @typescript-eslint/no-explicit-any
  156:40   warning  Unexpected any. Specify a different type  @typescript-eslint/no-explicit-any
  157:40   warning  Unexpected any. Specify a different type  @typescript-eslint/no-explicit-any
  173:55   warning  Unexpected any. Specify a different type  @typescript-eslint/no-explicit-any
  316:124  warning  Unexpected any. Specify a different type  @typescript-eslint/no-explicit-any
  327:115  warning  Unexpected any. Specify a different type  @typescript-eslint/no-explicit-any

✖ 110 problems (0 errors, 110 warnings)

