09:15:54.793 [main] WARN com.aisocialgame.service.v2.AiTurnCoordinator -- AI dispatch failed jobId=rejected errorType=RejectedExecutionException
09:15:54.796 [main] WARN com.aisocialgame.service.v2.AiTurnCoordinator -- AI recovery deferred jobId=rejected errorType=IllegalStateException
09:15:54.801 [main] WARN com.aisocialgame.service.v2.AiTurnCoordinator -- AI turn failed jobId=rollback-recovery roomId=room-rollback-recovery errorType=IllegalStateException
09:15:54.805 [main] WARN com.aisocialgame.service.v2.AiTurnCoordinator -- AI dispatch failed jobId=retry-after-claim-failure errorType=IllegalStateException

  .   ____          _            __ _ _
 /\\ / ___'_ __ _ _(_)_ __  __ _ \ \ \ \
( ( )\___ | '_ | '_| | '_ \/ _` | \ \ \ \
 \\/  ___)| |_)| | | | | || (_| |  ) ) ) )
  '  |____| .__|_| |_|_| |_\__, | / / / /
 =========|_|==============|___/=/_/_/_/

 :: Spring Boot ::                (v4.1.1)

2026-09-27T09:15:55.128+08:00 requestId=none  INFO 21856 --- [ai-social-game] [           main] c.a.V2GameServiceIntegrationTest         : Starting V2GameServiceIntegrationTest using Java 25.0.3 with PID 21856 (started by duwei in D:\project\aienie\aienie-projects\AISocialGame\backend)
2026-09-27T09:15:55.133+08:00 requestId=none  INFO 21856 --- [ai-social-game] [           main] c.a.V2GameServiceIntegrationTest         : The following 1 profile is active: "test"
2026-09-27T09:15:55.838+08:00 requestId=none  INFO 21856 --- [ai-social-game] [           main] .s.d.r.c.RepositoryConfigurationDelegate : Multiple Spring Data modules found, entering strict repository configuration mode
2026-09-27T09:15:55.839+08:00 requestId=none  INFO 21856 --- [ai-social-game] [           main] .s.d.r.c.RepositoryConfigurationDelegate : Bootstrapping Spring Data JPA repositories in DEFAULT mode.
2026-09-27T09:15:55.946+08:00 requestId=none  INFO 21856 --- [ai-social-game] [           main] .s.d.r.c.RepositoryConfigurationDelegate : Finished Spring Data repository scanning in 101 ms. Found 22 JPA repository interfaces.
2026-09-27T09:15:56.309+08:00 requestId=none  INFO 21856 --- [ai-social-game] [           main] org.hibernate.orm.jpa                    : HHH008540: Processing PersistenceUnitInfo [name: default]
2026-09-27T09:15:56.343+08:00 requestId=none  INFO 21856 --- [ai-social-game] [           main] org.hibernate.orm.core                   : HHH000001: Hibernate ORM core version 7.4.5.Final
2026-09-27T09:15:56.495+08:00 requestId=none  INFO 21856 --- [ai-social-game] [           main] o.s.o.j.p.SpringPersistenceUnitInfo      : No LoadTimeWeaver setup: ignoring JPA class transformer
2026-09-27T09:15:56.512+08:00 requestId=none  INFO 21856 --- [ai-social-game] [           main] com.zaxxer.hikari.HikariDataSource       : HikariPool-1 - Starting...
2026-09-27T09:15:56.611+08:00 requestId=none  INFO 21856 --- [ai-social-game] [           main] com.zaxxer.hikari.pool.HikariPool        : HikariPool-1 - Added connection conn0: url=jdbc:h2:mem:aisocial user=SA
2026-09-27T09:15:56.613+08:00 requestId=none  INFO 21856 --- [ai-social-game] [           main] com.zaxxer.hikari.HikariDataSource       : HikariPool-1 - Start completed.
2026-09-27T09:15:56.624+08:00 requestId=none  WARN 21856 --- [ai-social-game] [           main] org.hibernate.orm.deprecation            : HHH90000025: H2Dialect does not need to be specified explicitly using 'hibernate.dialect' (remove the property setting and it will be selected by default)
2026-09-27T09:15:56.636+08:00 requestId=none  INFO 21856 --- [ai-social-game] [           main] org.hibernate.orm.connections.pooling    : HHH10001005: Database info:
	Database JDBC URL [jdbc:h2:mem:aisocial]
	Database driver: H2 JDBC Driver
	Database dialect: H2Dialect
	Database version: 2.4.240
	Default catalog/schema: AISOCIAL/PUBLIC
	Autocommit mode: undefined/unknown
	Isolation level: READ_COMMITTED [default READ_COMMITTED]
	JDBC fetch size: 100
	Pool: DataSourceConnectionProvider
	Minimum pool size: undefined/unknown
	Maximum pool size: undefined/unknown
2026-09-27T09:15:57.262+08:00 requestId=none  INFO 21856 --- [ai-social-game] [           main] org.hibernate.orm.core                   : HHH000489: No JTA platform available (set 'hibernate.transaction.jta.platform' to enable JTA platform integration)
2026-09-27T09:15:57.307+08:00 requestId=none  INFO 21856 --- [ai-social-game] [           main] j.LocalContainerEntityManagerFactoryBean : Initialized JPA EntityManagerFactory for persistence unit 'default'
2026-09-27T09:15:57.416+08:00 requestId=none  INFO 21856 --- [ai-social-game] [           main] o.s.d.j.r.query.QueryEnhancerFactories   : Hibernate is in classpath; If applicable, HQL parser will be used.
2026-09-27T09:15:58.882+08:00 requestId=none  WARN 21856 --- [ai-social-game] [           main] JpaBaseConfiguration$JpaWebConfiguration : spring.jpa.open-in-view is enabled by default. Therefore, database queries may be performed during view rendering. Explicitly configure spring.jpa.open-in-view to disable this warning
2026-09-27T09:15:59.206+08:00 requestId=none  INFO 21856 --- [ai-social-game] [           main] o.s.b.a.e.web.EndpointLinksResolver      : Exposing 2 endpoints beneath base path '/actuator'
2026-09-27T09:15:59.253+08:00 requestId=none  INFO 21856 --- [ai-social-game] [           main] o.s.m.s.b.SimpleBrokerMessageHandler     : Starting...
2026-09-27T09:15:59.254+08:00 requestId=none  INFO 21856 --- [ai-social-game] [           main] o.s.m.s.b.SimpleBrokerMessageHandler     : BrokerAvailabilityEvent[available=true, SimpleBrokerMessageHandler [org.springframework.messaging.simp.broker.DefaultSubscriptionRegistry@4468febc]]
2026-09-27T09:15:59.255+08:00 requestId=none  INFO 21856 --- [ai-social-game] [           main] o.s.m.s.b.SimpleBrokerMessageHandler     : Started.
2026-09-27T09:15:59.261+08:00 requestId=none  INFO 21856 --- [ai-social-game] [           main] c.a.V2GameServiceIntegrationTest         : Started V2GameServiceIntegrationTest in 4.33 seconds (process running for 5.457)
2026-09-27T09:15:59.617+08:00 requestId=none  INFO 21856 --- [ai-social-game] [           main] c.aisocialgame.service.v2.V2GameService  : AI task committed jobId=8fbfbe64630d79cd9e3e2c916b37f8e6d34c2bf2f5eaeb764dfb6d65b648b0ad status=FAILED reason=SUBMISSION_EXCEPTION endToEndAfterCommitMs=116
2026-09-27T09:15:59.758+08:00 requestId=none  INFO 21856 --- [ai-social-game] [           main] c.aisocialgame.service.v2.V2GameService  : AI task committed jobId=373666035e7c66e6cfbbc1feaa3d13852f5384a0ec516d8a929d7735c58b442c status=SUCCEEDED reason=MODEL_ACTION_APPLIED endToEndAfterCommitMs=101
2026-09-27T09:15:59.913+08:00 requestId=none  INFO 21856 --- [ai-social-game] [           main] c.aisocialgame.service.v2.V2GameService  : AI task committed jobId=4bb04de65f8ade69311541cb3fc88c57f2f3e0830394b98a144c4c407c5fd53e status=DISCARDED reason=ADMIN_CONTROL endToEndAfterCommitMs=51
2026-09-27T09:16:00.071+08:00 requestId=none  INFO 21856 --- [ai-social-game] [           main] c.aisocialgame.service.v2.V2GameService  : AI task committed jobId=6bb2d1846f09ee5e7252cab50ff2f5fc82338f605824b2f757c6ecafcc75d8f9 status=SUCCEEDED reason=FALLBACK_APPLIED endToEndAfterCommitMs=27
2026-09-27T09:16:00.092+08:00 requestId=none  INFO 21856 --- [ai-social-game] [           main] c.aisocialgame.service.v2.V2GameService  : AI task committed jobId=8276ed2e8e1aa0a31c6b6cc5aeb568fade3117e5ce713207d4e934bd0e00525f status=SUCCEEDED reason=FALLBACK_APPLIED endToEndAfterCommitMs=23
2026-09-27T09:16:00.111+08:00 requestId=none  INFO 21856 --- [ai-social-game] [           main] c.aisocialgame.service.v2.V2GameService  : AI task committed jobId=da4bc238c4b04805b1a8bbf8b21e76e5b820a547a9ee15adac09a628d508dbb8 status=SUCCEEDED reason=FALLBACK_APPLIED endToEndAfterCommitMs=22
2026-09-27T09:16:00.134+08:00 requestId=none  INFO 21856 --- [ai-social-game] [           main] c.aisocialgame.service.v2.V2GameService  : AI task committed jobId=acbe49d0b3a4a7e416d8406c7613d37fe05fd012082c9fc083493ac481d1d618 status=SUCCEEDED reason=FALLBACK_APPLIED endToEndAfterCommitMs=26
2026-09-27T09:16:00.153+08:00 requestId=none  INFO 21856 --- [ai-social-game] [           main] c.aisocialgame.service.v2.V2GameService  : AI task committed jobId=48a69138a00888f41831e7ddf864c1e7d6f59be78414506ee8ff5378d3a40b3d status=FAILED reason=NO_ACTION_BUDGET endToEndAfterCommitMs=23
2026-09-27T09:16:00.263+08:00 requestId=none  INFO 21856 --- [ai-social-game] [           main] c.aisocialgame.service.v2.V2GameService  : AI task committed jobId=a46f53e00fde24e28e5a3e810a5d59c2ab84213c00b76e0617c461b96ceae37a status=SUCCEEDED reason=MODEL_ACTION_APPLIED endToEndAfterCommitMs=48
2026-09-27T09:16:00.347+08:00 requestId=none  INFO 21856 --- [ai-social-game] [           main] c.aisocialgame.service.v2.V2GameService  : AI task committed jobId=28ad0e3c42fc81dee2938b59045803f633e677639898f19a06787ebd3dfd4c1e status=DISCARDED reason=INSTANCE_UNAVAILABLE endToEndAfterCommitMs=25
2026-09-27T09:16:00.504+08:00 requestId=none  INFO 21856 --- [ai-social-game] [           main] c.aisocialgame.service.v2.V2GameService  : AI task committed jobId=9976cef44ecb5bcf3c943b589de9a99d27fd877c48b72049efe07ae228512ee5 status=SUCCEEDED reason=MODEL_ACTION_APPLIED endToEndAfterCommitMs=14
2026-09-27T09:16:00.598+08:00 requestId=none  INFO 21856 --- [ai-social-game] [           main] c.aisocialgame.service.v2.V2GameService  : AI task committed jobId=73ed828c8b438b999598dfe14f893ba40ee32b7e18346fe96fea9d9438d934bc status=DISCARDED reason=TURN_EXPIRED endToEndAfterCommitMs=13
2026-09-27T09:16:00.627+08:00 requestId=none  INFO 21856 --- [ai-social-game] [           main] c.aisocialgame.service.v2.V2GameService  : AI task committed jobId=83834a834524e91996b213880507a40d514feca248c1f4c766c9f85bb3fb1d18 status=SUCCEEDED reason=MODEL_ACTION_APPLIED endToEndAfterCommitMs=15
