[INFO] Scanning for projects...
[INFO] ------------------------------------------------------------------------
[INFO] Detecting the operating system and CPU architecture
[INFO] ------------------------------------------------------------------------
[INFO] os.detected.name: windows
[INFO] os.detected.arch: x86_64
[INFO] os.detected.bitness: 64
[INFO] os.detected.version: 10.0
[INFO] os.detected.version.major: 10
[INFO] os.detected.version.minor: 0
[INFO] os.detected.classifier: windows-x86_64
[INFO] 
[INFO] ------------------< com.aisocialgame:ai-social-game >-------------------
[INFO] Building AI Social Game Backend 0.0.1-SNAPSHOT
[INFO]   from pom.xml
[INFO] --------------------------------[ jar ]---------------------------------
[INFO] 
[INFO] --- dependency:3.11.0:resolve-plugins (default-cli) @ ai-social-game ---
[INFO] ------------------------------------------------------------------------
[INFO] BUILD SUCCESS
[INFO] ------------------------------------------------------------------------
[INFO] Total time:  2.284 s
[INFO] Finished at: 2026-09-27T09:24:50+08:00
[INFO] ------------------------------------------------------------------------
Staged 219 plugin JARs from 12 pinned plugins
[INFO] Scanning for projects...
[INFO] ------------------------------------------------------------------------
[INFO] Detecting the operating system and CPU architecture
[INFO] ------------------------------------------------------------------------
[INFO] os.detected.name: windows
[INFO] os.detected.arch: x86_64
[INFO] os.detected.bitness: 64
[INFO] os.detected.version: 10.0
[INFO] os.detected.version.major: 10
[INFO] os.detected.version.minor: 0
[INFO] os.detected.classifier: windows-x86_64
[INFO] 
[INFO] ------------------< com.aisocialgame:ai-social-game >-------------------
[INFO] Building AI Social Game Backend 0.0.1-SNAPSHOT
[INFO]   from pom.xml
[INFO] --------------------------------[ jar ]---------------------------------
[INFO] 
[INFO] --- dependency-check:13.0.0:check (default-cli) @ ai-social-game ---
[INFO] Checking for updates
[INFO] Skipping the NVD API Update as it was completed within the last 240 minutes
[INFO] Should skip RetireJSDataSource update since last update was within period PT24H.
[INFO] Should skip HostedSuppressionsDataSource update since last update was within period PT2H.
[INFO] Skipping Known Exploited Vulnerabilities update check since last check was within 24 hours.
[INFO] Check for updates complete (12 ms)
[INFO] 

Dependency-Check is an open source tool performing a best effort analysis of 3rd party dependencies; false positives and false negatives may exist in the analysis performed by the tool. Use of the tool and the reporting provided constitutes acceptance for use in an AS IS condition, and there are NO warranties, implied or otherwise, with regard to the analysis or its use. Any use of the tool and the reporting provided is at the user's risk. In no event shall the copyright holder or OWASP be held liable for any damages whatsoever arising out of or in connection with the use of this tool, the analysis performed, or the resulting report.


   About ODC: https://dependency-check.github.io/DependencyCheck/general/internals.html
   False Positives: https://dependency-check.github.io/DependencyCheck/general/suppression.html


[INFO] Analysis Started
[INFO] Finished Archive Analyzer (0 seconds)
[INFO] Finished File Name Analyzer (0 seconds)
[INFO] Finished Jar Analyzer (0 seconds)
[INFO] Finished Assembly Analyzer (0 seconds)
[INFO] Finished Dependency Merging Analyzer (0 seconds)
[INFO] Finished Hint Analyzer (0 seconds)
[INFO] Finished Version Filter Analyzer (0 seconds)
[INFO] Created CPE Index (0 seconds)
[INFO] Finished CPE Analyzer (2 seconds)
[INFO] Finished False Positive Analyzer (0 seconds)
[INFO] Finished NVD CVE Analyzer (0 seconds)
[INFO] Finished RetireJS Analyzer (0 seconds)
[WARNING] Sonatype OSS Index Analyzer disabled due to missing credentials. Authentication with token is now required, and OSS Index is migrating to Sonatype Guide. See https://dependency-check.github.io/DependencyCheck/analyzers/oss-index-analyzer.html for more information on authentication with Sonatype Guide OSS Index.
[INFO] Finished Vulnerability Suppression Analyzer (0 seconds)
[INFO] Finished Known Exploited Vulnerability Analyzer (0 seconds)
[INFO] Finished Dependency Bundling Analyzer (0 seconds)
[INFO] Finished Unused Suppression Rule Analyzer (0 seconds)
[INFO] Analysis Complete (4 seconds)
[INFO] Writing JSON report to: D:\project\aienie\aienie-projects\AISocialGame\backend\target\dependency-check-report.json
[INFO] Writing HTML report to: D:\project\aienie\aienie-projects\AISocialGame\backend\target\dependency-check-report.html
[WARNING] 

One or more dependencies were identified with known vulnerabilities in AI Social Game Backend:

commons-io-2.11.0.jar (pkg:maven/commons-io/commons-io@2.11.0, cpe:2.3:a:apache:commons_io:2.11.0:*:*:*:*:*:*:*) : CVE-2024-47554
commons-lang3-3.16.0.jar (pkg:maven/org.apache.commons/commons-lang3@3.16.0, cpe:2.3:a:apache:commons_lang:3.16.0:*:*:*:*:*:*:*) : CVE-2025-48924
commons-lang3-3.5.jar (pkg:maven/org.apache.commons/commons-lang3@3.5, cpe:2.3:a:apache:commons_lang:3.5:*:*:*:*:*:*:*) : CVE-2025-48924
jna-5.17.0.jar (cpe:2.3:a:oracle:java_se:5.17.0:*:*:*:*:*:*:*, cpe:2.3:a:sun:java_se:5.17.0:*:*:*:*:*:*:*) : CVE-2009-2476, CVE-2009-2689, CVE-2009-2475, CVE-2009-2716, CVE-2009-2676, CVE-2009-2717, CVE-2009-2690, CVE-2009-2719, CVE-2009-2720
maven-core-3.0.jar (pkg:maven/org.apache.maven/maven-core@3.0, cpe:2.3:a:apache:maven:3.0:*:*:*:*:*:*:*) : CVE-2021-26291
surefire-shared-utils-3.6.0.jar (cpe:2.3:a:utils_project:utils:3.6.0:*:*:*:*:*:*:*) : CVE-2021-4277
xz-1.11.jar (cpe:2.3:a:tukaani:xz:1.11:*:*:*:*:*:*:*) : CVE-2022-1271, CVE-2015-4035, CVE-2026-34743
xz-1.12.jar (cpe:2.3:a:tukaani:xz:1.12:*:*:*:*:*:*:*) : CVE-2022-1271, CVE-2015-4035, CVE-2026-34743
xz-1.9.jar (cpe:2.3:a:tukaani:xz:1.9:*:*:*:*:*:*:*) : CVE-2022-1271, CVE-2015-4035, CVE-2026-34743


See the dependency-check report for more details.


[INFO] ------------------------------------------------------------------------
[INFO] BUILD FAILURE
[INFO] ------------------------------------------------------------------------
[INFO] Total time:  7.877 s
[INFO] Finished at: 2026-09-27T09:25:02+08:00
[INFO] ------------------------------------------------------------------------
[ERROR] Failed to execute goal org.owasp:dependency-check-maven:13.0.0:check (default-cli) on project ai-social-game: 
[ERROR] 
[ERROR] One or more dependencies were identified with vulnerabilities that have a CVSS score greater than or equal to '7.0': 
[ERROR] 
[ERROR] jna-5.17.0.jar (cpe:2.3:a:oracle:java_se:5.17.0:*:*:*:*:*:*:*, cpe:2.3:a:sun:java_se:5.17.0:*:*:*:*:*:*:*): CVE-2009-2689(10.0), CVE-2009-2475(7.8), CVE-2009-2476(10.0), CVE-2009-2716(7.5)
[ERROR] maven-core-3.0.jar (pkg:maven/org.apache.maven/maven-core@3.0, cpe:2.3:a:apache:maven:3.0:*:*:*:*:*:*:*): CVE-2021-26291(9.1)
[ERROR] xz-1.11.jar (cpe:2.3:a:tukaani:xz:1.11:*:*:*:*:*:*:*): CVE-2015-4035(7.8), CVE-2022-1271(8.8)
[ERROR] xz-1.12.jar (cpe:2.3:a:tukaani:xz:1.12:*:*:*:*:*:*:*): CVE-2015-4035(7.8), CVE-2022-1271(8.8)
[ERROR] xz-1.9.jar (cpe:2.3:a:tukaani:xz:1.9:*:*:*:*:*:*:*): CVE-2015-4035(7.8), CVE-2022-1271(8.8)
[ERROR] 
[ERROR] See the dependency-check report for more details.
[ERROR] -> [Help 1]
[ERROR] 
[ERROR] To see the full stack trace of the errors, re-run Maven with the -e switch.
[ERROR] Re-run Maven using the -X switch to enable full debug logging.
[ERROR] 
[ERROR] For more information about the errors and possible solutions, please read the following articles:
[ERROR] [Help 1] http://cwiki.apache.org/confluence/display/MAVEN/MojoFailureException
