Staged 223 plugin JARs from 12 pinned plugins
[INFO] Scanning for projects...
[INFO] ------------------------------------------------------------------------
[INFO] Detecting the operating system and CPU architecture
[INFO] ------------------------------------------------------------------------
[INFO] os.detected.name: windows
[INFO] os.detected.arch: x86_64
[INFO] os.detected.bitness: 64
[INFO] os.detected.version: 10.0
[INFO] os.detected.version.major: 10
[INFO] os.detected.version.minor: 0
[INFO] os.detected.classifier: windows-x86_64
[INFO] 
[INFO] ------------------< com.aisocialgame:ai-social-game >-------------------
[INFO] Building AI Social Game Backend 0.0.1-SNAPSHOT
[INFO]   from pom.xml
[INFO] --------------------------------[ jar ]---------------------------------
[INFO] 
[INFO] --- dependency-check:13.0.0:check (default-cli) @ ai-social-game ---
[INFO] Checking for updates
[INFO] Skipping the NVD API Update as it was completed within the last 240 minutes
[INFO] Should skip RetireJSDataSource update since last update was within period PT24H.
[INFO] Should skip HostedSuppressionsDataSource update since last update was within period PT2H.
[INFO] Skipping Known Exploited Vulnerabilities update check since last check was within 24 hours.
[INFO] Check for updates complete (12 ms)
[INFO] 

Dependency-Check is an open source tool performing a best effort analysis of 3rd party dependencies; false positives and false negatives may exist in the analysis performed by the tool. Use of the tool and the reporting provided constitutes acceptance for use in an AS IS condition, and there are NO warranties, implied or otherwise, with regard to the analysis or its use. Any use of the tool and the reporting provided is at the user's risk. In no event shall the copyright holder or OWASP be held liable for any damages whatsoever arising out of or in connection with the use of this tool, the analysis performed, or the resulting report.


   About ODC: https://dependency-check.github.io/DependencyCheck/general/internals.html
   False Positives: https://dependency-check.github.io/DependencyCheck/general/suppression.html


[INFO] Analysis Started
[INFO] Finished Archive Analyzer (0 seconds)
[INFO] Finished File Name Analyzer (0 seconds)
[INFO] Finished Jar Analyzer (0 seconds)
[INFO] Finished Assembly Analyzer (0 seconds)
[INFO] Finished Dependency Merging Analyzer (0 seconds)
[INFO] Finished Hint Analyzer (0 seconds)
[INFO] Finished Version Filter Analyzer (0 seconds)
[INFO] Created CPE Index (0 seconds)
[INFO] Finished CPE Analyzer (2 seconds)
[INFO] Finished False Positive Analyzer (0 seconds)
[INFO] Finished NVD CVE Analyzer (0 seconds)
[INFO] Finished RetireJS Analyzer (0 seconds)
[WARNING] Sonatype OSS Index Analyzer disabled due to missing credentials. Authentication with token is now required, and OSS Index is migrating to Sonatype Guide. See https://dependency-check.github.io/DependencyCheck/analyzers/oss-index-analyzer.html for more information on authentication with Sonatype Guide OSS Index.
[INFO] Finished Vulnerability Suppression Analyzer (0 seconds)
[INFO] Finished Known Exploited Vulnerability Analyzer (0 seconds)
[INFO] Finished Dependency Bundling Analyzer (0 seconds)
[INFO] Finished Unused Suppression Rule Analyzer (0 seconds)
[INFO] Analysis Complete (5 seconds)
[INFO] Writing JSON report to: D:\project\aienie\aienie-projects\AISocialGame\backend\target\dependency-check-report.json
[INFO] Writing HTML report to: D:\project\aienie\aienie-projects\AISocialGame\backend\target\dependency-check-report.html
[WARNING] 

One or more dependencies were identified with known vulnerabilities in AI Social Game Backend:

commons-io-2.11.0.jar (pkg:maven/commons-io/commons-io@2.11.0, cpe:2.3:a:apache:commons_io:2.11.0:*:*:*:*:*:*:*) : CVE-2024-47554
commons-lang3-3.16.0.jar (pkg:maven/org.apache.commons/commons-lang3@3.16.0, cpe:2.3:a:apache:commons_lang:3.16.0:*:*:*:*:*:*:*) : CVE-2025-48924
commons-lang3-3.5.jar (pkg:maven/org.apache.commons/commons-lang3@3.5, cpe:2.3:a:apache:commons_lang:3.5:*:*:*:*:*:*:*) : CVE-2025-48924
surefire-shared-utils-3.6.0.jar (cpe:2.3:a:utils_project:utils:3.6.0:*:*:*:*:*:*:*) : CVE-2021-4277


See the dependency-check report for more details.


[INFO] ------------------------------------------------------------------------
[INFO] BUILD SUCCESS
[INFO] ------------------------------------------------------------------------
[INFO] Total time:  7.906 s
[INFO] Finished at: 2026-09-27T09:39:15+08:00
[INFO] ------------------------------------------------------------------------
ODC scanned all 223 override-aware plugin JARs
