
  .   ____          _            __ _ _
 /\\ / ___'_ __ _ _(_)_ __  __ _ \ \ \ \
( ( )\___ | '_ | '_| | '_ \/ _` | \ \ \ \
 \\/  ___)| |_)| | | | | || (_| |  ) ) ) )
  '  |____| .__|_| |_|_| |_\__, | / / / /
 =========|_|==============|___/=/_/_/_/

 :: Spring Boot ::                (v4.1.1)

2026-09-27T09:11:05.765+08:00 requestId=none  INFO 53344 --- [ai-social-game] [           main] c.aisocialgame.ReplayArchiveServiceTest  : Starting ReplayArchiveServiceTest using Java 25.0.3 with PID 53344 (started by duwei in D:\project\aienie\aienie-projects\AISocialGame\backend)
2026-09-27T09:11:05.773+08:00 requestId=none  INFO 53344 --- [ai-social-game] [           main] c.aisocialgame.ReplayArchiveServiceTest  : The following 1 profile is active: "test"
2026-09-27T09:11:06.450+08:00 requestId=none  INFO 53344 --- [ai-social-game] [           main] .s.d.r.c.RepositoryConfigurationDelegate : Multiple Spring Data modules found, entering strict repository configuration mode
2026-09-27T09:11:06.452+08:00 requestId=none  INFO 53344 --- [ai-social-game] [           main] .s.d.r.c.RepositoryConfigurationDelegate : Bootstrapping Spring Data JPA repositories in DEFAULT mode.
2026-09-27T09:11:06.570+08:00 requestId=none  INFO 53344 --- [ai-social-game] [           main] .s.d.r.c.RepositoryConfigurationDelegate : Finished Spring Data repository scanning in 113 ms. Found 22 JPA repository interfaces.
2026-09-27T09:11:07.054+08:00 requestId=none  INFO 53344 --- [ai-social-game] [           main] org.hibernate.orm.jpa                    : HHH008540: Processing PersistenceUnitInfo [name: default]
2026-09-27T09:11:07.080+08:00 requestId=none  INFO 53344 --- [ai-social-game] [           main] org.hibernate.orm.core                   : HHH000001: Hibernate ORM core version 7.4.5.Final
2026-09-27T09:11:07.219+08:00 requestId=none  INFO 53344 --- [ai-social-game] [           main] o.s.o.j.p.SpringPersistenceUnitInfo      : No LoadTimeWeaver setup: ignoring JPA class transformer
2026-09-27T09:11:07.237+08:00 requestId=none  INFO 53344 --- [ai-social-game] [           main] com.zaxxer.hikari.HikariDataSource       : HikariPool-1 - Starting...
2026-09-27T09:11:07.334+08:00 requestId=none  INFO 53344 --- [ai-social-game] [           main] com.zaxxer.hikari.pool.HikariPool        : HikariPool-1 - Added connection conn0: url=jdbc:h2:mem:aisocial user=SA
2026-09-27T09:11:07.336+08:00 requestId=none  INFO 53344 --- [ai-social-game] [           main] com.zaxxer.hikari.HikariDataSource       : HikariPool-1 - Start completed.
2026-09-27T09:11:07.347+08:00 requestId=none  WARN 53344 --- [ai-social-game] [           main] org.hibernate.orm.deprecation            : HHH90000025: H2Dialect does not need to be specified explicitly using 'hibernate.dialect' (remove the property setting and it will be selected by default)
2026-09-27T09:11:07.358+08:00 requestId=none  INFO 53344 --- [ai-social-game] [           main] org.hibernate.orm.connections.pooling    : HHH10001005: Database info:
	Database JDBC URL [jdbc:h2:mem:aisocial]
	Database driver: H2 JDBC Driver
	Database dialect: H2Dialect
	Database version: 2.4.240
	Default catalog/schema: AISOCIAL/PUBLIC
	Autocommit mode: undefined/unknown
	Isolation level: READ_COMMITTED [default READ_COMMITTED]
	JDBC fetch size: 100
	Pool: DataSourceConnectionProvider
	Minimum pool size: undefined/unknown
	Maximum pool size: undefined/unknown
2026-09-27T09:11:07.962+08:00 requestId=none  INFO 53344 --- [ai-social-game] [           main] org.hibernate.orm.core                   : HHH000489: No JTA platform available (set 'hibernate.transaction.jta.platform' to enable JTA platform integration)
2026-09-27T09:11:08.000+08:00 requestId=none  INFO 53344 --- [ai-social-game] [           main] j.LocalContainerEntityManagerFactoryBean : Initialized JPA EntityManagerFactory for persistence unit 'default'
2026-09-27T09:11:08.114+08:00 requestId=none  INFO 53344 --- [ai-social-game] [           main] o.s.d.j.r.query.QueryEnhancerFactories   : Hibernate is in classpath; If applicable, HQL parser will be used.
2026-09-27T09:11:09.697+08:00 requestId=none  WARN 53344 --- [ai-social-game] [           main] JpaBaseConfiguration$JpaWebConfiguration : spring.jpa.open-in-view is enabled by default. Therefore, database queries may be performed during view rendering. Explicitly configure spring.jpa.open-in-view to disable this warning
2026-09-27T09:11:10.030+08:00 requestId=none  INFO 53344 --- [ai-social-game] [           main] o.s.b.a.e.web.EndpointLinksResolver      : Exposing 2 endpoints beneath base path '/actuator'
2026-09-27T09:11:10.060+08:00 requestId=none  INFO 53344 --- [ai-social-game] [           main] o.s.m.s.b.SimpleBrokerMessageHandler     : Starting...
2026-09-27T09:11:10.062+08:00 requestId=none  INFO 53344 --- [ai-social-game] [           main] o.s.m.s.b.SimpleBrokerMessageHandler     : BrokerAvailabilityEvent[available=true, SimpleBrokerMessageHandler [org.springframework.messaging.simp.broker.DefaultSubscriptionRegistry@2cb7d48d]]
2026-09-27T09:11:10.062+08:00 requestId=none  INFO 53344 --- [ai-social-game] [           main] o.s.m.s.b.SimpleBrokerMessageHandler     : Started.
2026-09-27T09:11:10.069+08:00 requestId=none  INFO 53344 --- [ai-social-game] [           main] c.aisocialgame.ReplayArchiveServiceTest  : Started ReplayArchiveServiceTest in 4.518 seconds (process running for 5.093)
2026-09-27T09:11:10.588+08:00 requestId=none  WARN 53344 --- [ai-social-game] [           main] c.a.service.v2.AiTurnCoordinator         : AI dispatch failed jobId=rejected errorType=RejectedExecutionException
2026-09-27T09:11:10.589+08:00 requestId=none  WARN 53344 --- [ai-social-game] [           main] c.a.service.v2.AiTurnCoordinator         : AI recovery deferred jobId=rejected errorType=IllegalStateException
2026-09-27T09:11:10.593+08:00 requestId=none  WARN 53344 --- [ai-social-game] [           main] c.a.service.v2.AiTurnCoordinator         : AI turn failed jobId=rollback-recovery roomId=room-rollback-recovery errorType=IllegalStateException
2026-09-27T09:11:10.597+08:00 requestId=none  WARN 53344 --- [ai-social-game] [           main] c.a.service.v2.AiTurnCoordinator         : AI dispatch failed jobId=retry-after-claim-failure errorType=IllegalStateException
2026-09-27T09:11:10.607+08:00 requestId=none  INFO 53344 --- [ai-social-game] [           main] o.s.m.s.b.SimpleBrokerMessageHandler     : Stopping...
2026-09-27T09:11:10.607+08:00 requestId=none  INFO 53344 --- [ai-social-game] [           main] o.s.m.s.b.SimpleBrokerMessageHandler     : BrokerAvailabilityEvent[available=false, SimpleBrokerMessageHandler [org.springframework.messaging.simp.broker.DefaultSubscriptionRegistry@2cb7d48d]]
2026-09-27T09:11:10.607+08:00 requestId=none  INFO 53344 --- [ai-social-game] [           main] o.s.m.s.b.SimpleBrokerMessageHandler     : Stopped.

  .   ____          _            __ _ _
 /\\ / ___'_ __ _ _(_)_ __  __ _ \ \ \ \
( ( )\___ | '_ | '_| | '_ \/ _` | \ \ \ \
 \\/  ___)| |_)| | | | | || (_| |  ) ) ) )
  '  |____| .__|_| |_|_| |_\__, | / / / /
 =========|_|==============|___/=/_/_/_/

 :: Spring Boot ::                (v4.1.1)

2026-09-27T09:11:10.636+08:00 requestId=none  INFO 53344 --- [ai-social-game] [           main] c.a.V2GameServiceIntegrationTest         : Starting V2GameServiceIntegrationTest using Java 25.0.3 with PID 53344 (started by duwei in D:\project\aienie\aienie-projects\AISocialGame\backend)
2026-09-27T09:11:10.636+08:00 requestId=none  INFO 53344 --- [ai-social-game] [           main] c.a.V2GameServiceIntegrationTest         : The following 1 profile is active: "test"
2026-09-27T09:11:10.909+08:00 requestId=none  INFO 53344 --- [ai-social-game] [           main] .s.d.r.c.RepositoryConfigurationDelegate : Multiple Spring Data modules found, entering strict repository configuration mode
2026-09-27T09:11:10.910+08:00 requestId=none  INFO 53344 --- [ai-social-game] [           main] .s.d.r.c.RepositoryConfigurationDelegate : Bootstrapping Spring Data JPA repositories in DEFAULT mode.
2026-09-27T09:11:10.943+08:00 requestId=none  INFO 53344 --- [ai-social-game] [           main] .s.d.r.c.RepositoryConfigurationDelegate : Finished Spring Data repository scanning in 32 ms. Found 22 JPA repository interfaces.
2026-09-27T09:11:11.011+08:00 requestId=none  INFO 53344 --- [ai-social-game] [           main] org.hibernate.orm.jpa                    : HHH008540: Processing PersistenceUnitInfo [name: default]
2026-09-27T09:11:11.026+08:00 requestId=none  INFO 53344 --- [ai-social-game] [           main] o.s.o.j.p.SpringPersistenceUnitInfo      : No LoadTimeWeaver setup: ignoring JPA class transformer
2026-09-27T09:11:11.027+08:00 requestId=none  INFO 53344 --- [ai-social-game] [           main] com.zaxxer.hikari.HikariDataSource       : HikariPool-2 - Starting...
2026-09-27T09:11:11.029+08:00 requestId=none  INFO 53344 --- [ai-social-game] [           main] com.zaxxer.hikari.pool.HikariPool        : HikariPool-2 - Added connection conn10: url=jdbc:h2:mem:aisocial user=SA
2026-09-27T09:11:11.029+08:00 requestId=none  INFO 53344 --- [ai-social-game] [           main] com.zaxxer.hikari.HikariDataSource       : HikariPool-2 - Start completed.
2026-09-27T09:11:11.030+08:00 requestId=none  WARN 53344 --- [ai-social-game] [           main] org.hibernate.orm.deprecation            : HHH90000025: H2Dialect does not need to be specified explicitly using 'hibernate.dialect' (remove the property setting and it will be selected by default)
2026-09-27T09:11:11.031+08:00 requestId=none  INFO 53344 --- [ai-social-game] [           main] org.hibernate.orm.connections.pooling    : HHH10001005: Database info:
	Database JDBC URL [jdbc:h2:mem:aisocial]
	Database driver: H2 JDBC Driver
	Database dialect: H2Dialect
	Database version: 2.4.240
	Default catalog/schema: AISOCIAL/PUBLIC
	Autocommit mode: undefined/unknown
	Isolation level: READ_COMMITTED [default READ_COMMITTED]
	JDBC fetch size: 100
	Pool: DataSourceConnectionProvider
	Minimum pool size: undefined/unknown
	Maximum pool size: undefined/unknown
2026-09-27T09:11:11.168+08:00 requestId=none  INFO 53344 --- [ai-social-game] [           main] org.hibernate.orm.core                   : HHH000489: No JTA platform available (set 'hibernate.transaction.jta.platform' to enable JTA platform integration)
2026-09-27T09:11:11.192+08:00 requestId=none  INFO 53344 --- [ai-social-game] [           main] j.LocalContainerEntityManagerFactoryBean : Initialized JPA EntityManagerFactory for persistence unit 'default'
2026-09-27T09:11:11.392+08:00 requestId=none  WARN 53344 --- [ai-social-game] [           main] JpaBaseConfiguration$JpaWebConfiguration : spring.jpa.open-in-view is enabled by default. Therefore, database queries may be performed during view rendering. Explicitly configure spring.jpa.open-in-view to disable this warning
2026-09-27T09:11:11.457+08:00 requestId=none  INFO 53344 --- [ai-social-game] [           main] o.s.b.a.e.web.EndpointLinksResolver      : Exposing 2 endpoints beneath base path '/actuator'
2026-09-27T09:11:11.464+08:00 requestId=none  INFO 53344 --- [ai-social-game] [           main] o.s.m.s.b.SimpleBrokerMessageHandler     : Starting...
2026-09-27T09:11:11.464+08:00 requestId=none  INFO 53344 --- [ai-social-game] [           main] o.s.m.s.b.SimpleBrokerMessageHandler     : BrokerAvailabilityEvent[available=true, SimpleBrokerMessageHandler [org.springframework.messaging.simp.broker.DefaultSubscriptionRegistry@3e5e2f13]]
2026-09-27T09:11:11.465+08:00 requestId=none  INFO 53344 --- [ai-social-game] [           main] o.s.m.s.b.SimpleBrokerMessageHandler     : Started.
2026-09-27T09:11:11.467+08:00 requestId=none  INFO 53344 --- [ai-social-game] [           main] c.a.V2GameServiceIntegrationTest         : Started V2GameServiceIntegrationTest in 0.858 seconds (process running for 6.491)
2026-09-27T09:11:11.634+08:00 requestId=none  INFO 53344 --- [ai-social-game] [           main] c.aisocialgame.service.v2.V2GameService  : AI task committed jobId=2b305aaf61de30189e0cec98c717e08c28987fff0424dae553422876c80f2f28 status=FAILED reason=SUBMISSION_EXCEPTION endToEndAfterCommitMs=98
2026-09-27T09:11:11.744+08:00 requestId=none  INFO 53344 --- [ai-social-game] [           main] c.aisocialgame.service.v2.V2GameService  : AI task committed jobId=10852ace63f17e84082d823ba1637c69af0391abbe2391c9bbe305845e9ab811 status=SUCCEEDED reason=MODEL_ACTION_APPLIED endToEndAfterCommitMs=75
2026-09-27T09:11:11.871+08:00 requestId=none  INFO 53344 --- [ai-social-game] [           main] c.aisocialgame.service.v2.V2GameService  : AI task committed jobId=9a038dc354f2dadc7646996296d2f5dd1575aa754fc0b545144653b3c2f1f5d0 status=DISCARDED reason=ADMIN_CONTROL endToEndAfterCommitMs=43
2026-09-27T09:11:12.010+08:00 requestId=none  INFO 53344 --- [ai-social-game] [           main] c.aisocialgame.service.v2.V2GameService  : AI task committed jobId=067be179881e30df3309ea04e81dfb254dd902dfe73e5a9adf4742b820c19043 status=SUCCEEDED reason=FALLBACK_APPLIED endToEndAfterCommitMs=24
2026-09-27T09:11:12.032+08:00 requestId=none  INFO 53344 --- [ai-social-game] [           main] c.aisocialgame.service.v2.V2GameService  : AI task committed jobId=abdd8eba8ed1ba91a167666df2e48238fa20c66affbb0d6fbf7417f4da7dcdac status=SUCCEEDED reason=FALLBACK_APPLIED endToEndAfterCommitMs=24
2026-09-27T09:11:12.053+08:00 requestId=none  INFO 53344 --- [ai-social-game] [           main] c.aisocialgame.service.v2.V2GameService  : AI task committed jobId=52864492cce56dbea096336b982b0368c5a9f09bf3537d2387fee85a50249a94 status=SUCCEEDED reason=FALLBACK_APPLIED endToEndAfterCommitMs=24
2026-09-27T09:11:12.075+08:00 requestId=none  INFO 53344 --- [ai-social-game] [           main] c.aisocialgame.service.v2.V2GameService  : AI task committed jobId=4d1a83a963f028741488ade77f056455d6175174b5de3f61c3a9f382ba60b674 status=SUCCEEDED reason=FALLBACK_APPLIED endToEndAfterCommitMs=24
2026-09-27T09:11:12.094+08:00 requestId=none  INFO 53344 --- [ai-social-game] [           main] c.aisocialgame.service.v2.V2GameService  : AI task committed jobId=e40c1d910b621785113dc2d5b9f0f9cec9b0df8bd10872c118d6efd8bf724ec7 status=FAILED reason=NO_ACTION_BUDGET endToEndAfterCommitMs=23
2026-09-27T09:11:12.193+08:00 requestId=none  INFO 53344 --- [ai-social-game] [           main] c.aisocialgame.service.v2.V2GameService  : AI task committed jobId=e8cdfebfdaf848f2e67138def7986e12ecb06815b895269c3a81e2022611ebe5 status=SUCCEEDED reason=MODEL_ACTION_APPLIED endToEndAfterCommitMs=46
2026-09-27T09:11:12.271+08:00 requestId=none  INFO 53344 --- [ai-social-game] [           main] c.aisocialgame.service.v2.V2GameService  : AI task committed jobId=e157e03322f39d49c7feab4bb8ea8b3d198709948e5ca1258520d6f26091b553 status=DISCARDED reason=INSTANCE_UNAVAILABLE endToEndAfterCommitMs=26
2026-09-27T09:11:12.420+08:00 requestId=none  INFO 53344 --- [ai-social-game] [           main] c.aisocialgame.service.v2.V2GameService  : AI task committed jobId=d4fb61363212815c503a405456c27d7be72f21676d974724ed4667f65dd50dcb status=SUCCEEDED reason=MODEL_ACTION_APPLIED endToEndAfterCommitMs=16
2026-09-27T09:11:12.520+08:00 requestId=none  INFO 53344 --- [ai-social-game] [           main] c.aisocialgame.service.v2.V2GameService  : AI task committed jobId=937e0ed8498588e1db4fccc73d444bcd96132dd87ca2b397a2da43b052cec1c2 status=DISCARDED reason=TURN_EXPIRED endToEndAfterCommitMs=19
2026-09-27T09:11:12.548+08:00 requestId=none  INFO 53344 --- [ai-social-game] [           main] c.aisocialgame.service.v2.V2GameService  : AI task committed jobId=84d77e9640a010a7b91a7316ab7435c28acba3690ea5116668e6d7bf8b915cb9 status=SUCCEEDED reason=MODEL_ACTION_APPLIED endToEndAfterCommitMs=16
